---
source: brane-dsl/tests/regression.rs
expression: res
---
Program {
    block: Block {
        stmts: [
            LetAssign {
                name: Identifier {
                    value: "value",
                    range: TextRange {
                        start: TextPos {
                            line: 2,
                            col: 5,
                        },
                        end: TextPos {
                            line: 2,
                            col: 10,
                        },
                    },
                },
                value: Literal {
                    literal: Integer {
                        value: 42,
                        range: TextRange {
                            start: TextPos {
                                line: 2,
                                col: 14,
                            },
                            end: TextPos {
                                line: 2,
                                col: 16,
                            },
                        },
                    },
                },
                st_entry: None,
                attrs: [],
                range: TextRange {
                    start: TextPos {
                        line: 2,
                        col: 1,
                    },
                    end: TextPos {
                        line: 2,
                        col: 17,
                    },
                },
            },
            If {
                cond: BinOp {
                    op: Gt {
                        range: TextRange {
                            start: TextPos {
                                line: 3,
                                col: 11,
                            },
                            end: TextPos {
                                line: 3,
                                col: 12,
                            },
                        },
                    },
                    lhs: VarRef {
                        name: Identifier {
                            value: "value",
                            range: TextRange {
                                start: TextPos {
                                    line: 3,
                                    col: 5,
                                },
                                end: TextPos {
                                    line: 3,
                                    col: 10,
                                },
                            },
                        },
                        st_entry: None,
                    },
                    rhs: Literal {
                        literal: Integer {
                            value: 42,
                            range: TextRange {
                                start: TextPos {
                                    line: 3,
                                    col: 13,
                                },
                                end: TextPos {
                                    line: 3,
                                    col: 15,
                                },
                            },
                        },
                    },
                    range: TextRange {
                        start: TextPos {
                            line: 3,
                            col: 5,
                        },
                        end: TextPos {
                            line: 3,
                            col: 15,
                        },
                    },
                },
                consequent: Block {
                    stmts: [
                        Expr {
                            expr: Call {
                                expr: Identifier {
                                    name: Identifier {
                                        value: "println",
                                        range: TextRange {
                                            start: TextPos {
                                                line: 4,
                                                col: 5,
                                            },
                                            end: TextPos {
                                                line: 4,
                                                col: 12,
                                            },
                                        },
                                    },
                                    st_entry: None,
                                },
                                args: [
                                    Literal {
                                        literal: String {
                                            value: "More than the magic number!",
                                            range: TextRange {
                                                start: TextPos {
                                                    line: 4,
                                                    col: 13,
                                                },
                                                end: TextPos {
                                                    line: 4,
                                                    col: 42,
                                                },
                                            },
                                        },
                                    },
                                ],
                                st_entry: None,
                                locations: All,
                                input: {},
                                result: {},
                                metadata: {},
                                range: TextRange {
                                    start: TextPos {
                                        line: 4,
                                        col: 5,
                                    },
                                    end: TextPos {
                                        line: 4,
                                        col: 43,
                                    },
                                },
                            },
                            data_type: Any,
                            attrs: [],
                            range: TextRange {
                                start: TextPos {
                                    line: 4,
                                    col: 5,
                                },
                                end: TextPos {
                                    line: 4,
                                    col: 44,
                                },
                            },
                        },
                    ],
                    table: RefCell {
                        value: SymbolTable {
                            parent: None,
                            functions: {},
                            classes: {},
                            variables: {},
                        },
                    },
                    ret_type: None,
                    attrs: [],
                    range: TextRange {
                        start: TextPos {
                            line: 3,
                            col: 17,
                        },
                        end: TextPos {
                            line: 5,
                            col: 2,
                        },
                    },
                },
                alternative: Some(
                    Block {
                        stmts: [
                            If {
                                cond: BinOp {
                                    op: Lt {
                                        range: TextRange {
                                            start: TextPos {
                                                line: 6,
                                                col: 15,
                                            },
                                            end: TextPos {
                                                line: 6,
                                                col: 16,
                                            },
                                        },
                                    },
                                    lhs: VarRef {
                                        name: Identifier {
                                            value: "value",
                                            range: TextRange {
                                                start: TextPos {
                                                    line: 6,
                                                    col: 9,
                                                },
                                                end: TextPos {
                                                    line: 6,
                                                    col: 14,
                                                },
                                            },
                                        },
                                        st_entry: None,
                                    },
                                    rhs: Literal {
                                        literal: Integer {
                                            value: 42,
                                            range: TextRange {
                                                start: TextPos {
                                                    line: 6,
                                                    col: 17,
                                                },
                                                end: TextPos {
                                                    line: 6,
                                                    col: 19,
                                                },
                                            },
                                        },
                                    },
                                    range: TextRange {
                                        start: TextPos {
                                            line: 6,
                                            col: 9,
                                        },
                                        end: TextPos {
                                            line: 6,
                                            col: 19,
                                        },
                                    },
                                },
                                consequent: Block {
                                    stmts: [
                                        Expr {
                                            expr: Call {
                                                expr: Identifier {
                                                    name: Identifier {
                                                        value: "println",
                                                        range: TextRange {
                                                            start: TextPos {
                                                                line: 7,
                                                                col: 9,
                                                            },
                                                            end: TextPos {
                                                                line: 7,
                                                                col: 16,
                                                            },
                                                        },
                                                    },
                                                    st_entry: None,
                                                },
                                                args: [
                                                    Literal {
                                                        literal: String {
                                                            value: "Less than the magic number!",
                                                            range: TextRange {
                                                                start: TextPos {
                                                                    line: 7,
                                                                    col: 17,
                                                                },
                                                                end: TextPos {
                                                                    line: 7,
                                                                    col: 46,
                                                                },
                                                            },
                                                        },
                                                    },
                                                ],
                                                st_entry: None,
                                                locations: All,
                                                input: {},
                                                result: {},
                                                metadata: {},
                                                range: TextRange {
                                                    start: TextPos {
                                                        line: 7,
                                                        col: 9,
                                                    },
                                                    end: TextPos {
                                                        line: 7,
                                                        col: 47,
                                                    },
                                                },
                                            },
                                            data_type: Any,
                                            attrs: [],
                                            range: TextRange {
                                                start: TextPos {
                                                    line: 7,
                                                    col: 9,
                                                },
                                                end: TextPos {
                                                    line: 7,
                                                    col: 48,
                                                },
                                            },
                                        },
                                    ],
                                    table: RefCell {
                                        value: SymbolTable {
                                            parent: None,
                                            functions: {},
                                            classes: {},
                                            variables: {},
                                        },
                                    },
                                    ret_type: None,
                                    attrs: [],
                                    range: TextRange {
                                        start: TextPos {
                                            line: 6,
                                            col: 21,
                                        },
                                        end: TextPos {
                                            line: 8,
                                            col: 6,
                                        },
                                    },
                                },
                                alternative: None,
                                attrs: [],
                                range: TextRange {
                                    start: TextPos {
                                        line: 6,
                                        col: 5,
                                    },
                                    end: TextPos {
                                        line: 8,
                                        col: 6,
                                    },
                                },
                            },
                            If {
                                cond: BinOp {
                                    op: Eq {
                                        range: TextRange {
                                            start: TextPos {
                                                line: 9,
                                                col: 15,
                                            },
                                            end: TextPos {
                                                line: 9,
                                                col: 17,
                                            },
                                        },
                                    },
                                    lhs: VarRef {
                                        name: Identifier {
                                            value: "value",
                                            range: TextRange {
                                                start: TextPos {
                                                    line: 9,
                                                    col: 9,
                                                },
                                                end: TextPos {
                                                    line: 9,
                                                    col: 14,
                                                },
                                            },
                                        },
                                        st_entry: None,
                                    },
                                    rhs: Literal {
                                        literal: Integer {
                                            value: 42,
                                            range: TextRange {
                                                start: TextPos {
                                                    line: 9,
                                                    col: 18,
                                                },
                                                end: TextPos {
                                                    line: 9,
                                                    col: 20,
                                                },
                                            },
                                        },
                                    },
                                    range: TextRange {
                                        start: TextPos {
                                            line: 9,
                                            col: 9,
                                        },
                                        end: TextPos {
                                            line: 9,
                                            col: 20,
                                        },
                                    },
                                },
                                consequent: Block {
                                    stmts: [
                                        Expr {
                                            expr: Call {
                                                expr: Identifier {
                                                    name: Identifier {
                                                        value: "println",
                                                        range: TextRange {
                                                            start: TextPos {
                                                                line: 10,
                                                                col: 9,
                                                            },
                                                            end: TextPos {
                                                                line: 10,
                                                                col: 16,
                                                            },
                                                        },
                                                    },
                                                    st_entry: None,
                                                },
                                                args: [
                                                    Literal {
                                                        literal: String {
                                                            value: "Equal to the magic number!",
                                                            range: TextRange {
                                                                start: TextPos {
                                                                    line: 10,
                                                                    col: 17,
                                                                },
                                                                end: TextPos {
                                                                    line: 10,
                                                                    col: 45,
                                                                },
                                                            },
                                                        },
                                                    },
                                                ],
                                                st_entry: None,
                                                locations: All,
                                                input: {},
                                                result: {},
                                                metadata: {},
                                                range: TextRange {
                                                    start: TextPos {
                                                        line: 10,
                                                        col: 9,
                                                    },
                                                    end: TextPos {
                                                        line: 10,
                                                        col: 46,
                                                    },
                                                },
                                            },
                                            data_type: Any,
                                            attrs: [],
                                            range: TextRange {
                                                start: TextPos {
                                                    line: 10,
                                                    col: 9,
                                                },
                                                end: TextPos {
                                                    line: 10,
                                                    col: 47,
                                                },
                                            },
                                        },
                                    ],
                                    table: RefCell {
                                        value: SymbolTable {
                                            parent: None,
                                            functions: {},
                                            classes: {},
                                            variables: {},
                                        },
                                    },
                                    ret_type: None,
                                    attrs: [],
                                    range: TextRange {
                                        start: TextPos {
                                            line: 9,
                                            col: 22,
                                        },
                                        end: TextPos {
                                            line: 11,
                                            col: 6,
                                        },
                                    },
                                },
                                alternative: None,
                                attrs: [],
                                range: TextRange {
                                    start: TextPos {
                                        line: 9,
                                        col: 5,
                                    },
                                    end: TextPos {
                                        line: 11,
                                        col: 6,
                                    },
                                },
                            },
                        ],
                        table: RefCell {
                            value: SymbolTable {
                                parent: None,
                                functions: {},
                                classes: {},
                                variables: {},
                            },
                        },
                        ret_type: None,
                        attrs: [],
                        range: TextRange {
                            start: TextPos {
                                line: 5,
                                col: 8,
                            },
                            end: TextPos {
                                line: 12,
                                col: 2,
                            },
                        },
                    },
                ),
                attrs: [],
                range: TextRange {
                    start: TextPos {
                        line: 3,
                        col: 1,
                    },
                    end: TextPos {
                        line: 12,
                        col: 2,
                    },
                },
            },
        ],
        table: RefCell {
            value: SymbolTable {
                parent: None,
                functions: {},
                classes: {},
                variables: {},
            },
        },
        ret_type: None,
        attrs: [],
        range: TextRange {
            start: TextPos {
                line: 2,
                col: 1,
            },
            end: TextPos {
                line: 12,
                col: 2,
            },
        },
    },
    metadata: {},
}
